// Jest Snapshot v1, https://goo.gl/fbAQLP

exports[`[<Partner />] matches to snapshot 1`] = `
<StyledComponent
  forwardedClass={
    Object {
      "$$typeof": Symbol(react.forward_ref),
      "attrs": undefined,
      "componentStyle": ComponentStyle {
        "componentId": "PartnerCard-p9fmon-0",
        "isStatic": true,
        "rules": Array [
          "display:flex;flex-direction:column;align-items:center;",
        ],
      },
      "displayName": "PartnerCard",
      "render": [Function],
      "styledComponentId": "PartnerCard-p9fmon-0",
      "target": "article",
      "toString": [Function],
      "warnTooManyClasses": [Function],
      "withComponent": [Function],
    }
  }
  forwardedRef={null}
>
  <PartnerHeader>
    <PartnerAvatar
      src="/assets/images/partner-1.jpg"
    />
    <PartnerIcon
      icon="music"
    />
  </PartnerHeader>
  <PartnerName>
    Bradley Hunter
  </PartnerName>
  <PartnerBio>
    Based in Chicago. I love playing tennis and loud music.
  </PartnerBio>
</StyledComponent>
`;
