// Jest Snapshot v1, https://goo.gl/fbAQLP

exports[`[<Partner />] matches to snapshot 1`] = `
<StyledComponent
  forwardedClass={
    Object {
      "$$typeof": Symbol(react.forward_ref),
      "attrs": undefined,
      "componentStyle": ComponentStyle {
        "componentId": "Partner__PartnerItem-sc-1mrrjxf-0",
        "isStatic": true,
        "rules": Array [
          "display:flex;flex-direction:column;align-items:center;",
        ],
      },
      "displayName": "Partner__PartnerItem",
      "render": [Function],
      "styledComponentId": "Partner__PartnerItem-sc-1mrrjxf-0",
      "target": "article",
      "toString": [Function],
      "warnTooManyClasses": [Function],
      "withComponent": [Function],
    }
  }
  forwardedRef={null}
>
  <Partner__PartnerHeader>
    <Partner__PartnerAvatar
      src="/assets/images/partner-1.jpg"
    />
    <Partner__PartnerIcon
      icon="music"
    />
  </Partner__PartnerHeader>
  <Partner__PartnerName>
    Bradley Hunter
  </Partner__PartnerName>
  <Partner__PartnerBio>
    Based in Chicago. I love playing tennis and loud music.
  </Partner__PartnerBio>
</StyledComponent>
`;
