// Jest Snapshot v1, https://goo.gl/fbAQLP

exports[`[<PartnerBio />] matches to snapshot 1`] = `
<StyledComponent
  forwardedClass={
    Object {
      "$$typeof": Symbol(react.forward_ref),
      "attrs": undefined,
      "componentStyle": ComponentStyle {
        "componentId": "PartnerBio-sc-1b2g24y-0",
        "isStatic": false,
        "rules": Array [
          [Function],
          ";font-size:14px;text-align:center;margin:0 0 15px 0;",
        ],
      },
      "displayName": "PartnerBio",
      "render": [Function],
      "styledComponentId": "PartnerBio-sc-1b2g24y-0",
      "target": "p",
      "toString": [Function],
      "warnTooManyClasses": [Function],
      "withComponent": [Function],
    }
  }
  forwardedRef={null}
/>
`;
