// Jest Snapshot v1, https://goo.gl/fbAQLP

exports[`[<Form />] matches to snapshot 1`] = `
<StyledComponent
  forwardedClass={
    Object {
      "$$typeof": Symbol(react.forward_ref),
      "attrs": undefined,
      "componentStyle": ComponentStyle {
        "componentId": "Form-nchkfv-0",
        "isStatic": true,
        "rules": Array [
          "@media only screen and (min-width:320px){display:flex;flex-direction:column;justify-content:center;}@media only screen and (min-width:768px){display:flex;flex-direction:row;}",
        ],
      },
      "displayName": "Form",
      "render": [Function],
      "styledComponentId": "Form-nchkfv-0",
      "target": "form",
      "toString": [Function],
      "warnTooManyClasses": [Function],
      "withComponent": [Function],
    }
  }
  forwardedRef={null}
>
  I am a Title
</StyledComponent>
`;
