// Jest Snapshot v1, https://goo.gl/fbAQLP

exports[`[<Button />] matches to snapshot 1`] = `[Function]`;

exports[`[<Button />] when pass props ghost 1`] = `[Function]`;

exports[`[<Button />] when pass props primary 1`] = `[Function]`;

exports[`[<Button />] when pass props secondary 1`] = `[Function]`;
