// Jest Snapshot v1, https://goo.gl/fbAQLP

exports[`[<DiscoverPartners />] matches to snapshot 1`] = `
<Box
  css={
    Object {
      "maxWidth": "1024px",
    }
  }
  m={
    Array [
      "20px auto",
      "40px auto",
      "100px auto",
    ]
  }
  mx="auto"
>
  <Row
    justifyContent="center"
    mb={
      Array [
        10,
        50,
        50,
      ]
    }
  >
    <DiscoverPartners__Title>
      Meet a partner for your best holiday
    </DiscoverPartners__Title>
  </Row>
  <Row
    flexDirection="column"
    mx={0}
  >
    <DiscoverPartners__FlexColumn
      flex="none"
    >
      <DiscoverPartners__Partners>
        <Column
          flex="none"
          px={0}
          width={
            Array [
              1,
              0.5,
              0.25,
            ]
          }
        >
          <Partner
            avatar="/assets/images/partner-1.jpg"
            bio="Based in Chicago. I love playing tennis and loud music."
            icon="/assets/icons/music.svg"
            name="Bradley Hunter"
          />
        </Column>
        <Column
          flex="none"
          px={0}
          width={
            Array [
              1,
              0.5,
              0.25,
            ]
          }
        >
          <Partner
            avatar="/assets/images/partner-2.jpg"
            bio="Currently living in Colorado. Lover of art, languages and travelling."
            icon="/assets/icons/brush.svg"
            name="Marie Bennett"
          />
        </Column>
        <Column
          flex="none"
          px={0}
          width={
            Array [
              1,
              0.5,
              0.25,
            ]
          }
        >
          <Partner
            avatar="/assets/images/partner-3.jpg"
            bio="Living in Athens, Greece. I love black and white classics, chillout music and green tea."
            icon="/assets/icons/camera.svg"
            name="Diana Wells"
          />
        </Column>
        <Column
          flex="none"
          px={0}
          width={
            Array [
              1,
              0.5,
              0.25,
            ]
          }
        >
          <Partner
            avatar="/assets/images/partner-4.jpg"
            bio="Star Wars fanatic. I have a persistent enthusiasm to create new things."
            icon="/assets/icons/airplane.svg"
            name="Christopher Pierce"
          />
        </Column>
      </DiscoverPartners__Partners>
    </DiscoverPartners__FlexColumn>
  </Row>
  <Row
    justifyContent="center"
    mt={
      Array [
        0,
        20,
        50,
      ]
    }
    px={
      Array [
        25,
        0,
        0,
      ]
    }
  >
    <DiscoverPartners__SeeOtherPartners
      primary={true}
    >
      See other partners
    </DiscoverPartners__SeeOtherPartners>
  </Row>
</Box>
`;
