// Jest Snapshot v1, https://goo.gl/fbAQLP

exports[`[<DreamshareStepBadge />] matches to snapshot 1`] = `
<StyledComponent
  forwardedClass={
    Object {
      "$$typeof": Symbol(react.forward_ref),
      "attrs": undefined,
      "componentStyle": ComponentStyle {
        "componentId": "DreamshareStepBadge-sc-1mswk3p-0",
        "isStatic": false,
        "rules": Array [
          "padding:3px 8px;border-radius:20px;background-color:",
          [Function],
          ";",
          [Function],
          ";font-size:12px;letter-spacing:2px;text-align:center;text-transform:uppercase;color:#fff;",
        ],
      },
      "displayName": "DreamshareStepBadge",
      "render": [Function],
      "styledComponentId": "DreamshareStepBadge-sc-1mswk3p-0",
      "target": "span",
      "toString": [Function],
      "warnTooManyClasses": [Function],
      "withComponent": [Function],
    }
  }
  forwardedRef={null}
>
  I am badge
</StyledComponent>
`;
