// Jest Snapshot v1, https://goo.gl/fbAQLP

exports[`[<HeroImage />] matches to snapshot 1`] = `
<StyledComponent
  forwardedClass={
    Object {
      "$$typeof": Symbol(react.forward_ref),
      "attrs": undefined,
      "componentStyle": ComponentStyle {
        "componentId": "HeroImage-sc-1g3c219-0",
        "isStatic": false,
        "rules": Array [
          "height: 100%; width: 100%;",
          ";",
          "position: absolute; top: 0; right: 0; bottom: 0; left: 0;",
          ";background-size:cover;background-position:center center;background-attachment:fixed;background-repeat:no-repeat;z-index:0;@media only screen and (min-width:320px){background-image:",
          [Function],
          ";}@media only screen and (min-width:768px){background-image:",
          [Function],
          ";}@media only screen and (min-width:768px){background-image:",
          [Function],
          ";}",
        ],
      },
      "displayName": "HeroImage",
      "render": [Function],
      "styledComponentId": "HeroImage-sc-1g3c219-0",
      "target": "div",
      "toString": [Function],
      "warnTooManyClasses": [Function],
      "withComponent": [Function],
    }
  }
  forwardedRef={null}
/>
`;
