// Jest Snapshot v1, https://goo.gl/fbAQLP

exports[`[<PartnerIcon />] matches to snapshot 1`] = `
<StyledComponent
  forwardedClass={
    Object {
      "$$typeof": Symbol(react.forward_ref),
      "attrs": undefined,
      "componentStyle": ComponentStyle {
        "componentId": "PartnerIcon-sc-1uwsdkq-0",
        "isStatic": false,
        "rules": Array [
          "width:32px;height:32px;border-radius:32px;background-color:#f35e5a;border:4px solid #ffffff;position:absolute;right:-1px;bottom:-1px;background-image:url(",
          [Function],
          ");background-size:16px 16px;background-position:center center;background-repeat:no-repeat;",
        ],
      },
      "displayName": "PartnerIcon",
      "render": [Function],
      "styledComponentId": "PartnerIcon-sc-1uwsdkq-0",
      "target": "div",
      "toString": [Function],
      "warnTooManyClasses": [Function],
      "withComponent": [Function],
    }
  }
  forwardedRef={null}
/>
`;
