// Jest Snapshot v1, https://goo.gl/fbAQLP

exports[`[<SearchTitle />] matches to snapshot 1`] = `
<StyledComponent
  forwardedClass={
    Object {
      "$$typeof": Symbol(react.forward_ref),
      "attrs": undefined,
      "componentStyle": ComponentStyle {
        "componentId": "SearchTitle-sc-1b05g7-0",
        "isStatic": false,
        "rules": Array [
          [Function],
          ";font-size:22px;font-weight:bold;text-align:center;color:",
          [Function],
          ";",
        ],
      },
      "displayName": "SearchTitle",
      "render": [Function],
      "styledComponentId": "SearchTitle-sc-1b05g7-0",
      "target": "h2",
      "toString": [Function],
      "warnTooManyClasses": [Function],
      "withComponent": [Function],
    }
  }
  forwardedRef={null}
>
  I am a Title
</StyledComponent>
`;
