// Jest Snapshot v1, https://goo.gl/fbAQLP

exports[`[<Home />] matches to snapshot 1`] = `
<Page__Wrapper>
  <Hero
    description="And find the perfect partner to fullfill it"
    title="SHARE YOUR HOLIDAY DREAM"
  />
  <HowDreamshare />
  <DiscoverPartners />
  <SearchPartners />
  <Footer />
</Page__Wrapper>
`;
