// Jest Snapshot v1, https://goo.gl/fbAQLP

exports[`[<HeroTitle />] matches to snapshot 1`] = `
<StyledComponent
  forwardedClass={
    Object {
      "$$typeof": Symbol(react.forward_ref),
      "attrs": undefined,
      "componentStyle": ComponentStyle {
        "componentId": "HeroTitle__HeroTitleStyled-sc-1d35zve-0",
        "isStatic": false,
        "rules": Array [
          [Function],
          ";font-size:52px;font-weight:bold;text-align:center;color:#ffffff;margin:0;",
        ],
      },
      "displayName": "HeroTitle__HeroTitleStyled",
      "render": [Function],
      "styledComponentId": "HeroTitle__HeroTitleStyled-sc-1d35zve-0",
      "target": "h1",
      "toString": [Function],
      "warnTooManyClasses": [Function],
      "withComponent": [Function],
    }
  }
  forwardedRef={null}
>
  I am a Title
</StyledComponent>
`;
