// Jest Snapshot v1, https://goo.gl/fbAQLP

exports[`[<HowDreamshare />] matches to snapshot 1`] = `
<Box
  css={
    Object {
      "maxWidth": "1024px",
    }
  }
  mx="auto"
>
  <HowDreamshare__Title>
    How Dreamshare
  </HowDreamshare__Title>
  <Row
    flexWrap="wrap"
    mx={0}
  >
    <Column
      flex="none"
      width={
        Array [
          1,
          0.3333333333333333,
          0.3333333333333333,
        ]
      }
    >
      <DreamshareStep
        badge="Step 1"
        description="Quisque libero libero, dictum non turpis in, luctus semper lorem. Donec rhoncus a leo sit amet facilisis."
        image="/assets/images/planing-trip.jpg"
        title="Sed leo enim, condimentum"
      />
    </Column>
    <Column
      flex="none"
      width={
        Array [
          1,
          0.3333333333333333,
          0.3333333333333333,
        ]
      }
    >
      <DreamshareStep
        badge="Step 2"
        description="Nulla venenatis tempor dui in molestie. Nulla quis dictum purus, sit amet porttitor est."
        image="/assets/images/road-trip.jpg"
        title="Morbi velit risus"
      />
    </Column>
    <Column
      flex="none"
      width={
        Array [
          1,
          0.3333333333333333,
          0.3333333333333333,
        ]
      }
    >
      <DreamshareStep
        badge="Step 3"
        description="Quisque libero libero, dictum non turpis in, luctus semper lorem. Donec rhoncus a leo sit amet facilisis."
        image="/assets/images/join-trip.jpg"
        title="Sed leo enim, condimentum"
      />
    </Column>
  </Row>
</Box>
`;
