// Jest Snapshot v1, https://goo.gl/fbAQLP

exports[`[<PartnerAvatar />] matches to snapshot 1`] = `
<StyledComponent
  forwardedClass={
    Object {
      "$$typeof": Symbol(react.forward_ref),
      "attrs": undefined,
      "componentStyle": ComponentStyle {
        "componentId": "PartnerAvatar-sc-1iftvcv-0",
        "isStatic": false,
        "rules": Array [
          "width:120px;height:120px;border-radius:120px;background-color:grey;background-image:url(",
          [Function],
          ");background-repeat:no-repeat;background-position:center center;",
        ],
      },
      "displayName": "PartnerAvatar",
      "render": [Function],
      "styledComponentId": "PartnerAvatar-sc-1iftvcv-0",
      "target": "div",
      "toString": [Function],
      "warnTooManyClasses": [Function],
      "withComponent": [Function],
    }
  }
  forwardedRef={null}
/>
`;
