// Jest Snapshot v1, https://goo.gl/fbAQLP

exports[`[<DreamshareTitle />] matches to snapshot 1`] = `
<StyledComponent
  forwardedClass={
    Object {
      "$$typeof": Symbol(react.forward_ref),
      "attrs": undefined,
      "componentStyle": ComponentStyle {
        "componentId": "DreamshareStepTitle-uekkjz-0",
        "isStatic": false,
        "rules": Array [
          "margin:0;",
          [Function],
          ";font-size:24px;font-weight:bold;color:#ffffff;",
        ],
      },
      "displayName": "DreamshareStepTitle",
      "render": [Function],
      "styledComponentId": "DreamshareStepTitle-uekkjz-0",
      "target": "h2",
      "toString": [Function],
      "warnTooManyClasses": [Function],
      "withComponent": [Function],
    }
  }
  forwardedRef={null}
>
  I am a Title
</StyledComponent>
`;
