// Jest Snapshot v1, https://goo.gl/fbAQLP

exports[`[<Footer />] matches to snapshot 1`] = `
<StyledComponent
  forwardedClass={
    Object {
      "$$typeof": Symbol(react.forward_ref),
      "attrs": undefined,
      "componentStyle": ComponentStyle {
        "componentId": "Footer__FooterStyled-sc-1ovcy98-0",
        "isStatic": false,
        "rules": Array [
          "padding:40px 0 100px 0;border-top:2px solid ",
          [Function],
          ";@media only screen and (min-width:320px){padding:20px 0;}@media only screen and (min-width:768px){padding:40px 0;}",
        ],
      },
      "displayName": "Footer__FooterStyled",
      "render": [Function],
      "styledComponentId": "Footer__FooterStyled-sc-1ovcy98-0",
      "target": "footer",
      "toString": [Function],
      "warnTooManyClasses": [Function],
      "withComponent": [Function],
    }
  }
  forwardedRef={null}
>
  <Container>
    <Row
      flexDirection="row"
      flexWrap="wrap"
      mx={0}
    >
      <Column
        flex="none"
        width={
          Array [
            1,
            0.25,
            0.3333333333333333,
          ]
        }
      >
        <Footer__ColumnOne>
          <Logo
            color="#ff4e50"
            size={16}
            text="DREAMSHARE"
            weight="normal"
          />
        </Footer__ColumnOne>
      </Column>
      <Column
        flex="none"
        width={
          Array [
            1,
            0.5,
            0.3333333333333333,
          ]
        }
      >
        <Footer__ColumnTwo>
          <Footer__TitleLinks>
            Company
          </Footer__TitleLinks>
          <Footer__ListLinks>
            <Footer__ListItem>
              <a
                href="#"
              >
                About
              </a>
            </Footer__ListItem>
            <Footer__ListItem>
              <a
                href="#"
              >
                Contact
              </a>
            </Footer__ListItem>
            <Footer__ListItem>
              <a
                href="#"
              >
                Press
              </a>
            </Footer__ListItem>
          </Footer__ListLinks>
          <Footer__ListLinks>
            <Footer__ListItem>
              <a
                href="#"
              >
                Blog
              </a>
            </Footer__ListItem>
            <Footer__ListItem>
              <a
                href="#"
              >
                Terms and Privacy
              </a>
            </Footer__ListItem>
            <Footer__ListItem>
              <a
                href="#"
              >
                Help
              </a>
            </Footer__ListItem>
          </Footer__ListLinks>
        </Footer__ColumnTwo>
      </Column>
      <Column
        flex="none"
        width={
          Array [
            1,
            0.25,
            0.3333333333333333,
          ]
        }
      >
        <Footer__ColumnThree>
          <Logo
            color="#cccccc"
            size={10}
            text="DESIGN BY"
            weight="bold"
          />
          <Logo
            color="#ff4e50"
            size={20}
            text="ARETO"
            weight="bold"
          />
        </Footer__ColumnThree>
      </Column>
    </Row>
  </Container>
</StyledComponent>
`;
