// Jest Snapshot v1, https://goo.gl/fbAQLP

exports[`[<DreamshareStepDescription />] matches to snapshot 1`] = `
<StyledComponent
  forwardedClass={
    Object {
      "$$typeof": Symbol(react.forward_ref),
      "attrs": undefined,
      "componentStyle": ComponentStyle {
        "componentId": "DreamshareStepDescription-sc-1of0c83-0",
        "isStatic": false,
        "rules": Array [
          [Function],
          ";font-size:14px;color:",
          [Function],
          ";margin:0;",
        ],
      },
      "displayName": "DreamshareStepDescription",
      "render": [Function],
      "styledComponentId": "DreamshareStepDescription-sc-1of0c83-0",
      "target": "p",
      "toString": [Function],
      "warnTooManyClasses": [Function],
      "withComponent": [Function],
    }
  }
  forwardedRef={null}
>
  I am description
</StyledComponent>
`;
