// Jest Snapshot v1, https://goo.gl/fbAQLP

exports[`[<HeroSpotlight />] matches to snapshot 1`] = `
<StyledComponent
  forwardedClass={
    Object {
      "$$typeof": Symbol(react.forward_ref),
      "attrs": undefined,
      "componentStyle": ComponentStyle {
        "componentId": "HeroSpotlight__HeroSpotlightStyled-j4g13-0",
        "isStatic": true,
        "rules": Array [
          "display:flex;flex-direction:column;justify-content:center;align-items:center;max-width:500px;margin:auto auto;text-align:center;",
        ],
      },
      "displayName": "HeroSpotlight__HeroSpotlightStyled",
      "render": [Function],
      "styledComponentId": "HeroSpotlight__HeroSpotlightStyled-j4g13-0",
      "target": [Function],
      "toString": [Function],
      "warnTooManyClasses": [Function],
      "withComponent": [Function],
      Symbol(Symbol.hasInstance): [Function],
    }
  }
  forwardedRef={null}
>
  <HeroTitle>
    Hero Title
  </HeroTitle>
  <HeroDescription>
    hero description
  </HeroDescription>
  <Button
    secondary={true}
  >
    Find your holliday partner
  </Button>
</StyledComponent>
`;
