// Jest Snapshot v1, https://goo.gl/fbAQLP

exports[`[<Input />] matches to snapshot 1`] = `
<StyledComponent
  forwardedClass={
    Object {
      "$$typeof": Symbol(react.forward_ref),
      "attrs": undefined,
      "componentStyle": ComponentStyle {
        "componentId": "Input-ooqq1g-0",
        "isStatic": false,
        "rules": Array [
          "padding:10px 15px;border-radius:3px;box-shadow:0 1px 1px 0 rgba(0,0,0,0.3);background-color:#ffffff;border:1px solid #d4d4d4;outline:0;",
          [Function],
          ";font-size:14px;@media only screen and (min-width:320px){margin:15px 0;}@media only screen and (min-width:768px){margin:0 15px;min-width:300px;}",
        ],
      },
      "displayName": "Input",
      "render": [Function],
      "styledComponentId": "Input-ooqq1g-0",
      "target": "input",
      "toString": [Function],
      "warnTooManyClasses": [Function],
      "withComponent": [Function],
    }
  }
  forwardedRef={null}
/>
`;
