// Jest Snapshot v1, https://goo.gl/fbAQLP

exports[`[<SearchPartners />] matches to snapshot 1`] = `
<Box
  css={
    Object {
      "maxWidth": "1024px",
    }
  }
  mx="auto"
  my={
    Array [
      40,
      90,
    ]
  }
>
  <Row
    flexDirection="column"
    mx={0}
  >
    <SearchPartners__FlexColumn
      width={
        Array [
          1,
          1,
          1,
        ]
      }
    >
      <SearchPartners__Title>
        Crate your holiday activity
      </SearchPartners__Title>
      <SearchPartners__SubTitle>
        Hi! What are your holiday interests?
      </SearchPartners__SubTitle>
      <SearchPartners__Form>
        <SearchPartners__Input
          placeholder="Enter your interests"
        />
        <Button
          secondary={true}
        >
          Search partners
        </Button>
      </SearchPartners__Form>
    </SearchPartners__FlexColumn>
  </Row>
</Box>
`;
