// Jest Snapshot v1, https://goo.gl/fbAQLP

exports[`[<SearchPartners />] matches to snapshot 1`] = `
<Box
  css={
    Object {
      "maxWidth": "1024px",
    }
  }
  mx="auto"
  my={
    Array [
      40,
      90,
    ]
  }
>
  <SearchPartners__RowStyled
    flexDirection="column"
    mx={0}
  >
    <Column>
      <SearchTitle>
        Crate your holiday activity
      </SearchTitle>
      <SearchDescription>
        Hi! What are your holiday interests?
      </SearchDescription>
      <Form>
        <Input
          placeholder="Enter your interests"
        />
        <Button
          secondary={true}
        >
          Search partners
        </Button>
      </Form>
    </Column>
  </SearchPartners__RowStyled>
</Box>
`;
