// Jest Snapshot v1, https://goo.gl/fbAQLP

exports[`[<SearchDescription />] matches to snapshot 1`] = `
<StyledComponent
  forwardedClass={
    Object {
      "$$typeof": Symbol(react.forward_ref),
      "attrs": undefined,
      "componentStyle": ComponentStyle {
        "componentId": "SearchDescription-sc-1t844l-0",
        "isStatic": false,
        "rules": Array [
          [Function],
          ";font-size:16px;text-align:center;color:",
          [Function],
          ";",
        ],
      },
      "displayName": "SearchDescription",
      "render": [Function],
      "styledComponentId": "SearchDescription-sc-1t844l-0",
      "target": "h4",
      "toString": [Function],
      "warnTooManyClasses": [Function],
      "withComponent": [Function],
    }
  }
  forwardedRef={null}
>
  I am a description
</StyledComponent>
`;
